---
http_interactions:
- request:
    method: post
    uri: <OPENSTACK_ADMIN_HOST_URI>:5000/v2.0/tokens
    body:
      encoding: UTF-8
      string: ! '{"auth":{"passwordCredentials":{"username":"<OPENSTACK_MEMBER_USERNAME>","password":"<OPENSTACK_MEMBER_PASSWORD>"},"tenantName":"<OPENSTACK_MEMBER_TENANTNAME>"}}'
    headers:
      Content-Type:
      - application/json
      User-Agent:
      - Faraday v0.8.8
  response:
    status:
      code: 200
      message: 
    headers:
      vary:
      - X-Auth-Token
      content-type:
      - application/json
      content-length:
      - '2701'
      date:
      - Fri, 06 Sep 2013 21:02:37 GMT
      connection:
      - close
    body:
      encoding: US-ASCII
      string: ! '{"access": {"token": {"issued_at": "2013-09-06T21:02:37.674709",
        "expires": "2013-09-07T03:02:37Z", "id": "f8e7bf962b234ad0a213a9c7210c871b",
        "tenant": {"description": "<OPENSTACK_MEMBER_TENANTNAME>", "enabled": true,
        "id": "eb87dfa8fdec48678b0f0b0f80b44677", "name": "<OPENSTACK_MEMBER_TENANTNAME>"}},
        "serviceCatalog": [{"endpoints": [{"adminURL": "<OPENSTACK_ADMIN_HOST_URI>:8774/v2/eb87dfa8fdec48678b0f0b0f80b44677",
        "region": "RegionOne", "internalURL": "<OPENSTACK_ADMIN_HOST_URI>:8774/v2/eb87dfa8fdec48678b0f0b0f80b44677",
        "id": "430279a1221947c3ae56339b069f1b34", "publicURL": "<OPENSTACK_ADMIN_HOST_URI>:8774/v2/eb87dfa8fdec48678b0f0b0f80b44677"}],
        "endpoints_links": [], "type": "compute", "name": "nova"}, {"endpoints": [{"adminURL":
        "<OPENSTACK_ADMIN_HOST_URI>:9292", "region": "RegionOne", "internalURL": "<OPENSTACK_ADMIN_HOST_URI>:9292",
        "id": "0704bbb682c349cd8bad917183e7a7dd", "publicURL": "<OPENSTACK_ADMIN_HOST_URI>:9292"}],
        "endpoints_links": [], "type": "image", "name": "glance"}, {"endpoints": [{"adminURL":
        "<OPENSTACK_ADMIN_HOST_URI>:8777", "region": "RegionOne", "internalURL": "<OPENSTACK_ADMIN_HOST_URI>:8777",
        "id": "94a8dead81c34afbaa8ae5e163b8b0c5", "publicURL": "<OPENSTACK_ADMIN_HOST_URI>:8777"}],
        "endpoints_links": [], "type": "metering", "name": "ceilometer"}, {"endpoints":
        [{"adminURL": "<OPENSTACK_ADMIN_HOST_URI>:8776/v1/eb87dfa8fdec48678b0f0b0f80b44677",
        "region": "RegionOne", "internalURL": "<OPENSTACK_ADMIN_HOST_URI>:8776/v1/eb87dfa8fdec48678b0f0b0f80b44677",
        "id": "2aedb2fe28114b86a13c48e8bef42b77", "publicURL": "<OPENSTACK_ADMIN_HOST_URI>:8776/v1/eb87dfa8fdec48678b0f0b0f80b44677"}],
        "endpoints_links": [], "type": "volume", "name": "cinder"}, {"endpoints":
        [{"adminURL": "<OPENSTACK_ADMIN_HOST_URI>:8773/services/Admin", "region":
        "RegionOne", "internalURL": "<OPENSTACK_ADMIN_HOST_URI>:8773/services/Cloud",
        "id": "308574230d4a427a996d1f9c6e602e14", "publicURL": "<OPENSTACK_ADMIN_HOST_URI>:8773/services/Cloud"}],
        "endpoints_links": [], "type": "ec2", "name": "nova_ec2"}, {"endpoints": [{"adminURL":
        "<OPENSTACK_ADMIN_HOST_URI>:35357/v2.0", "region": "RegionOne", "internalURL":
        "<OPENSTACK_ADMIN_HOST_URI>:5000/v2.0", "id": "04e2c1aa204048529cd859b111362d46",
        "publicURL": "<OPENSTACK_ADMIN_HOST_URI>:5000/v2.0"}], "endpoints_links":
        [], "type": "identity", "name": "keystone"}], "user": {"username": "<OPENSTACK_MEMBER_USERNAME>",
        "roles_links": [], "id": "400351b4991d40d79434539b4cee9d36", "roles": [{"name":
        "_member_"}, {"name": "Member"}], "name": "<OPENSTACK_MEMBER_USERNAME>"},
        "metadata": {"is_admin": 0, "roles": ["9fe2ff9ee4384b1894a90878d3e92bab",
        "972b832749e5458cafe44d40d5b0e895"]}}}'
    http_version: 
  recorded_at: Fri, 06 Sep 2013 21:02:37 GMT
- request:
    method: get
    uri: <OPENSTACK_ADMIN_HOST_URI>:8774/v2/eb87dfa8fdec48678b0f0b0f80b44677/servers
    body:
      encoding: US-ASCII
      string: ''
    headers:
      Content-Type:
      - application/json
      User-Agent:
      - Faraday v0.8.8
      X-Auth-Token:
      - f8e7bf962b234ad0a213a9c7210c871b
  response:
    status:
      code: 200
      message: 
    headers:
      x-compute-request-id:
      - req-be56eb1c-d239-4581-acc6-3c1e3b9b1146
      content-type:
      - application/json
      content-length:
      - '390'
      date:
      - Fri, 06 Sep 2013 21:02:38 GMT
      connection:
      - close
    body:
      encoding: US-ASCII
      string: ! '{"servers": [{"id": "7ff01c2a-325d-4c05-ac77-5f76df18962a", "links":
        [{"href": "<OPENSTACK_ADMIN_HOST_URI>:8774/v2/eb87dfa8fdec48678b0f0b0f80b44677/servers/7ff01c2a-325d-4c05-ac77-5f76df18962a",
        "rel": "self"}, {"href": "<OPENSTACK_ADMIN_HOST_URI>:8774/eb87dfa8fdec48678b0f0b0f80b44677/servers/7ff01c2a-325d-4c05-ac77-5f76df18962a",
        "rel": "bookmark"}], "name": "Aviator Testing"}]}'
    http_version: 
  recorded_at: Fri, 06 Sep 2013 21:02:38 GMT
- request:
    method: get
    uri: <OPENSTACK_ADMIN_HOST_URI>:8774/v2/eb87dfa8fdec48678b0f0b0f80b44677/servers/7ff01c2a-325d-4c05-ac77-5f76df18962a/ips
    body:
      encoding: US-ASCII
      string: ''
    headers:
      Content-Type:
      - application/json
      User-Agent:
      - Faraday v0.8.8
      X-Auth-Token:
      - f8e7bf962b234ad0a213a9c7210c871b
  response:
    status:
      code: 200
      message: 
    headers:
      x-compute-request-id:
      - req-534d55d3-c737-4535-b907-9b466a31ed39
      content-type:
      - application/json
      content-length:
      - '70'
      date:
      - Fri, 06 Sep 2013 21:02:38 GMT
      connection:
      - close
    body:
      encoding: US-ASCII
      string: ! '{"addresses": {"novanetwork_5": [{"version": 4, "addr": "10.3.5.3"}]}}'
    http_version: 
  recorded_at: Fri, 06 Sep 2013 21:02:38 GMT
recorded_with: VCR 2.5.0
